V3 3
FL C:/Users/korisnik/Desktop/VHDL/jkfff/jkfff.vhd 2024/09/19.21:13:08 P.20131013
EN work/jkfff 1726773192 FL C:/Users/korisnik/Desktop/VHDL/jkfff/jkfff.vhd \
      PB ieee/std_logic_1164 1381692176
AR work/jkfff/Behavioral 1726773193 \
      FL C:/Users/korisnik/Desktop/VHDL/jkfff/jkfff.vhd EN work/jkfff 1726773192
