EN fourbitadder NULL C:/Users/korisnik/Desktop/VHDL/fourbitadder/fourbitadder.vhd sub00/vhpl02 1726953715
AR fourbitadder behavioral C:/Users/korisnik/Desktop/VHDL/fourbitadder/fourbitadder.vhd sub00/vhpl03 1726953716
AR sabirac4bit behavioral C:/Users/korisnik/Desktop/VHDL/fourbitadder/sabirac4bit.vhd sub00/vhpl01 1726953714
EN sabirac4bit NULL C:/Users/korisnik/Desktop/VHDL/fourbitadder/sabirac4bit.vhd sub00/vhpl00 1726953713
