V3 3
FL C:/Users/korisnik/Desktop/VHDL/jkff/jkff.vhd 2024/09/19.21:03:58 P.20131013
EN work/jkff 1726772769 FL C:/Users/korisnik/Desktop/VHDL/jkff/jkff.vhd \
      PB ieee/std_logic_1164 1381692176
AR work/jkff/Behavioral 1726772770 \
      FL C:/Users/korisnik/Desktop/VHDL/jkff/jkff.vhd EN work/jkff 1726772769
