V3 3
FL C:/Users/korisnik/Desktop/VHDL/decoder_switch/decoder_switch.vhd 2024/09/19.19:22:48 P.20131013
EN work/lab2 1726766676 \
      FL C:/Users/korisnik/Desktop/VHDL/decoder_switch/decoder_switch.vhd \
      PB ieee/std_logic_1164 1381692176
AR work/lab2/Behavioral 1726766677 \
      FL C:/Users/korisnik/Desktop/VHDL/decoder_switch/decoder_switch.vhd \
      EN work/lab2 1726766676
