AR decrement behavioral C:/Users/korisnik/Desktop/VHDL/ispit/decrement.vhd sub00/vhpl07 1727179100
EN bit16reg NULL C:/Users/korisnik/Desktop/VHDL/ispit/bit16reg.vhd sub00/vhpl08 1727179101
AR clock_divider behavioral C:/Users/korisnik/Desktop/VHDL/ispit/clock_divider.vhd sub00/vhpl01 1727179303
EN clock_divider NULL C:/Users/korisnik/Desktop/VHDL/ispit/clock_divider.vhd sub00/vhpl00 1727179302
EN increment NULL C:/Users/korisnik/Desktop/VHDL/ispit/increment.vhd sub00/vhpl04 1727179306
EN decrement NULL C:/Users/korisnik/Desktop/VHDL/ispit/decrement.vhd sub00/vhpl06 1727179099
AR increment behavioral C:/Users/korisnik/Desktop/VHDL/ispit/increment.vhd sub00/vhpl05 1727179098
AR reg4bit behavioral C:/Users/korisnik/Desktop/VHDL/ispit/reg4bit.vhd sub00/vhpl03 1727179305
EN reg4bit NULL C:/Users/korisnik/Desktop/VHDL/ispit/reg4bit.vhd sub00/vhpl02 1727179304
