EN de3x8 NULL C:/Users/korisnik/Desktop/VHDL/de3x8/de3x8.vhd sub00/vhpl02 1726764526
EN dec2to4 NULL C:/Users/korisnik/Desktop/VHDL/de3x8/Dec2to4.vhd sub00/vhpl00 1726764524
AR de3x8 behavioral C:/Users/korisnik/Desktop/VHDL/de3x8/de3x8.vhd sub00/vhpl03 1726764527
AR dec2to4 behavioral C:/Users/korisnik/Desktop/VHDL/de3x8/Dec2to4.vhd sub00/vhpl01 1726764525
