AR clock_divider behavioral C:/Users/korisnik/Desktop/VHDL/ispit3/clock_divider.vhd sub00/vhpl01 1726669446
EN clock_divider NULL C:/Users/korisnik/Desktop/VHDL/ispit3/clock_divider.vhd sub00/vhpl00 1726669445
AR ispit3 behavioral C:/Users/korisnik/Desktop/VHDL/ispit3/ispit3.vhd sub00/vhpl03 1726669448
EN ispit3 NULL C:/Users/korisnik/Desktop/VHDL/ispit3/ispit3.vhd sub00/vhpl02 1726669447
