V3 7
FL C:/Users/korisnik/Desktop/VHDL/d3x8/d3x8.vhd 2024/09/19.18:29:03 P.20131013
EN work/d3x8 0 FL C:/Users/korisnik/Desktop/VHDL/d3x8/d3x8.vhd \
      PB ieee/std_logic_1164 1381692176
AR work/d3x8/Behavioral 0 \
      FL C:/Users/korisnik/Desktop/VHDL/d3x8/d3x8.vhd EN work/d3x8 0 CP Decoder24
FL C:/Users/korisnik/Desktop/VHDL/d3x8/Decoder24.vhd 2024/09/19.18:43:34 P.20131013
EN work/Decoder24 1726764223 FL C:/Users/korisnik/Desktop/VHDL/d3x8/Decoder24.vhd \
      PB ieee/std_logic_1164 1381692176
AR work/Decoder24/Behavioral 1726764224 \
      FL C:/Users/korisnik/Desktop/VHDL/d3x8/Decoder24.vhd EN work/Decoder24 1726764223
