AR clock_divider behavioral C:/Users/korisnik/Desktop/VHDL/register8bit/clock_divider.vhd sub00/vhpl01 1726853728
EN register8bit NULL C:/Users/korisnik/Desktop/VHDL/register8bit/register8bit.vhd sub00/vhpl02 1726853729
EN clock_divider NULL C:/Users/korisnik/Desktop/VHDL/register8bit/clock_divider.vhd sub00/vhpl00 1726853727
AR register8bit behavioral C:/Users/korisnik/Desktop/VHDL/register8bit/register8bit.vhd sub00/vhpl03 1726853730
